C51 COMPILER V9.54   MAIN                                                                  07/20/2025 22:59:33 PAGE 1   


C51 COMPILER V9.54, COMPILATION OF MODULE MAIN
OBJECT MODULE PLACED IN .\Objects\main.obj
COMPILER INVOKED BY: D:\KEILC51\C51\BIN\C51.EXE main.c OPTIMIZE(8,SPEED) BROWSE DEBUG OBJECTEXTEND PRINT(.\Listings\main
                    -.lst) TABS(2) OBJECT(.\Objects\main.obj)

line level    source

   1          #include <REGX52.H>
   2          #include "LCD1602.h"
   3          #include "Delay.h"
   4          
   5          int result = 0;
   6          void main()
   7          {
   8   1        LCD_Init();//初始化
   9   1        LCD_ShowChar(1,1,'A');//显示一个字符
  10   1        Delay(200);
  11   1        LCD_ShowString(1,1,"HELLO");//显示字符串
  12   1        Delay(200);
  13   1        LCD_ShowNum(1,7,123,5);//显示十进制数字
  14   1        //从最高位开始显示，若长度小于数字的位数，则表现出从最高位开始计算长度
  15   1        //若长度大于数字的位数，则补零，长度大于位数多少，就补多少个零
  16   1        LCD_ShowSignedNum(1,13,-38,2);//显示有符号的十进制数
  17   1        LCD_ShowHexNum(2,1,0xA8,2);//16进制
  18   1        LCD_ShowBinNum(2,4,0xAA,8);//2进制
  19   1        while(1)
  20   1        {
  21   2          result++;
  22   2          Delay(1000);
  23   2          LCD_ShowNum(1,1,result,5);
  24   2        }
  25   1      }


MODULE INFORMATION:   STATIC OVERLAYABLE
   CODE SIZE        =    120    ----
   CONSTANT SIZE    =      6    ----
   XDATA SIZE       =   ----    ----
   PDATA SIZE       =   ----    ----
   DATA SIZE        =      2    ----
   IDATA SIZE       =   ----    ----
   BIT SIZE         =   ----    ----
END OF MODULE INFORMATION.


C51 COMPILATION COMPLETE.  0 WARNING(S),  0 ERROR(S)
